  Identification des projets à restaurer...
  Tous les projets sont à jour pour la restauration.
  CarRentalApp.Core -> C:\Users\hp\Desktop\rentalapp final\CarRentalApp.Core\bin\Debug\net10.0\CarRentalApp.Core.dll
  CarRentalApp.Data -> C:\Users\hp\Desktop\rentalapp final\CarRentalApp.Data\bin\Debug\net10.0\CarRentalApp.Data.dll

La génération a réussi.
    0 Avertissement(s)
    0 Erreur(s)

Temps écoulé 00:00:02.26
